\BOOKMARK [1][-]{section.1}{\376\377\301\034\270\140}{}% 1
\BOOKMARK [1][-]{section.2}{\376\377\307\164\270\140\310\001\000\040\274\060\254\275\000\040\274\017\000\040\272\124\322\270\271\255\000\040\314\264\254\304}{}% 2
\BOOKMARK [2][-]{subsection.2.1}{\376\377\326\125\271\140\310\001\000\040\306\125\274\365\254\374\000\040\307\130\273\370\000\040\264\361\254\000\271\130}{section.2}% 3
\BOOKMARK [2][-]{subsection.2.2}{\376\377\000S\000F\000\050\000S\000t\000a\000b\000i\000l\000i\000z\000e\000d\000\040\000a\000n\000d\000\040\000F\000u\000n\000c\000t\000i\000o\000n\000a\000l\000\051\000\040\323\020\310\025\000\040\256\060\311\000}{section.2}% 4
\BOOKMARK [2][-]{subsection.2.3}{\376\377\254\160\271\254\000\040\325\004\270\134\323\014\307\174\254\374\000\040\262\344\311\021\275\360\000\040\255\154\310\160\000\040\274\300\326\124\267\311}{section.2}% 5
\BOOKMARK [1][-]{section.3}{\376\377\302\344\325\330\000\040\301\044\310\025\000\040\274\017\000\040\254\020\300\254\000\040\314\264\254\304}{}% 6
\BOOKMARK [2][-]{subsection.3.1}{\376\377\317\124\323\174\302\244\000\040\274\017\000\040\302\344\325\211\000\040\326\130\254\275}{section.3}% 7
\BOOKMARK [2][-]{subsection.3.2}{\376\377\310\004\302\030\000\040\254\020\300\254\000\040\274\017\000\040\307\254\326\004\301\061\000\040\254\200\311\235}{section.3}% 8
\BOOKMARK [1][-]{section.4}{\376\377\302\344\325\330\000\040\254\260\254\374\000\040\274\017\000\040\275\204\301\035}{}% 9
\BOOKMARK [2][-]{subsection.4.1}{\376\377\301\061\254\365\271\140\000\040\274\017\000\040\302\344\323\050\000\040\254\160\271\254\307\130\000\040\275\204\271\254}{section.4}% 10
\BOOKMARK [2][-]{subsection.4.2}{\376\377\302\344\323\050\000\040\306\320\307\170\000\040\255\000\314\060\254\374\000\040\306\134\254\341\000\040\306\104\326\124}{section.4}% 11
\BOOKMARK [2][-]{subsection.4.3}{\376\377\326\125\307\170\000\040\306\125\274\365\307\130\000\040\305\355\325\140\000\040\000\050\000c\000=\0000\000\040\263\000\000\040\000c\000=\0001\000.\000.\000.\0005\000\051}{section.4}% 12
\BOOKMARK [2][-]{subsection.4.4}{\376\377\301\061\254\365\000\040\310\160\254\164\275\200\000\040\302\030\270\064\000\040\301\215\263\304\306\100\000\040\262\344\311\021\275\360\000\040\255\154\310\160\000\040\274\300\326\124}{section.4}% 13
\BOOKMARK [1][-]{section.5}{\376\377\311\300\324\134\000\040\310\001\325\151\301\061\000\040\254\200\321\240\000\040\274\017\000\040\305\360\255\154\307\130\000\040\325\134\254\304}{}% 14
\BOOKMARK [2][-]{subsection.5.1}{\376\377\315\010\256\060\000\040\254\200\311\235\305\320\301\034\000\040\255\000\314\060\264\034\000\040\307\040\306\251\301\061}{section.5}% 15
\BOOKMARK [2][-]{subsection.5.2}{\376\377\320\320\300\311\310\001\000\040\305\360\255\154\270\134\301\034\307\130\000\040\325\134\254\304\310\020}{section.5}% 16
\BOOKMARK [1][-]{section.6}{\376\377\325\245\326\304\000\040\305\360\255\154\000\040\274\051\325\245}{}% 17
\BOOKMARK [2][-]{subsection.6.1}{\376\377\311\300\324\134\000\040\272\250\263\170\307\130\000\040\310\025\255\120\326\124}{section.6}% 18
\BOOKMARK [2][-]{subsection.6.2}{\376\377\263\160\307\164\321\060\301\113\000\040\274\017\000\040\272\250\263\170\307\130\000\040\326\125\307\245}{section.6}% 19
\BOOKMARK [2][-]{subsection.6.3}{\376\377\262\344\305\270\305\264\000\040\254\304\321\265\263\304\000\040\255\154\315\225\000\040\320\320\300\311}{section.6}% 20
\BOOKMARK [1][-]{section.7}{\376\377\254\260\270\140}{}% 21
